[  0.376254   0.396072   0.462475   0.706849   0.51137  112.719603
   2.36028    0.360139   0.624989   0.408717   0.450374   0.782338
   0.64146 ]